TAP version 13
# \#0 building with "rootless" instance using docker driver
# \#1 [internal] load build definition from Dockerfile
# \#1 transferring dockerfile: 218B done
# \#1 DONE 0.0s
# \#2 [internal] load metadata for docker.io/library/yoloharness-local:0.1.0
# \#2 DONE 0.0s
# \#3 [internal] load .dockerignore
# \#3 transferring context: 2B done
# \#3 DONE 0.0s
# \#4 [internal] load build context
# \#4 transferring context: 1.17kB done
# \#4 DONE 0.0s
# \#5 [1/2] FROM docker.io/library/yoloharness-local:0.1.0@sha256:e57f1cfaee62295f8b006fe71a6441c3f15ca0f13f52c9bc4d6c4d24056127d1
# \#5 resolve docker.io/library/yoloharness-local:0.1.0@sha256:e57f1cfaee62295f8b006fe71a6441c3f15ca0f13f52c9bc4d6c4d24056127d1 0.0s done
# \#5 CACHED
# \#6 [2/2] COPY ca.crt /usr/local/share/ca-certificates/yoloharness-test-ca.crt
# \#6 DONE 0.1s
# \#7 exporting to image
# \#7 exporting layers 0.1s done
# \#7 exporting manifest sha256:88f013f49a07176e3ab15a41fc58a72f17093a64dd62a4e0dbaef5e7de10b721 0.0s done
# \#7 exporting config sha256:2ec163265dddd77b9abc2a8f429b13dcfadf9b60784158c34bf6884cefb40ffa 0.0s done
# \#7 exporting attestation manifest sha256:12a06c2b462d3fcaeda7a08c35d781bfe93395e86425d302287a8e2c3ffc2179 0.0s done
# \#7 exporting manifest list sha256:d4068b553c2ea377f25137a051d28a4f835000d1d099f7e27c7d0c4da07420b3
# \#7 exporting manifest list sha256:d4068b553c2ea377f25137a051d28a4f835000d1d099f7e27c7d0c4da07420b3 0.0s done
# \#7 naming to docker.io/library/yoloharness-test-derivative:548119 done
# \#7 unpacking to docker.io/library/yoloharness-test-derivative:548119 0.0s done
# \#7 DONE 0.4s
# Subtest: shipped yolo subprocess uses the immutable CA-only derivative and an internal provider network
ok 1 - shipped yolo subprocess uses the immutable CA-only derivative and an internal provider network
  ---
  duration_ms: 3791.359595
  type: 'test'
  ...
# touch: cannot touch '/app/forbidden': Read-only file system
# Subtest: configured final image has read-only root and rootless UID0 workspace write/delete canary
ok 2 - configured final image has read-only root and rootless UID0 workspace write/delete canary
  ---
  duration_ms: 430.06833
  type: 'test'
  ...
1..2
# tests 2
# suites 0
# pass 2
# fail 0
# cancelled 0
# skipped 0
# todo 0
# duration_ms 4283.498986
