TAP version 13
# Subtest: WRC-03 unavailable Docker executable fails before image or credential handoff
ok 1 - WRC-03 unavailable Docker executable fails before image or credential handoff
  ---
  duration_ms: 56.195689
  type: 'test'
  ...
# Subtest: WRC-03 unavailable Docker daemon fails after image identity and before credentials
ok 2 - WRC-03 unavailable Docker daemon fails after image identity and before credentials
  ---
  duration_ms: 103.742009
  type: 'test'
  ...
# Subtest: WRC-03 absent configured image fails before credentials or runtime start
ok 3 - WRC-03 absent configured image fails before credentials or runtime start
  ---
  duration_ms: 79.605546
  type: 'test'
  ...
# Subtest: WRC-03 valid client daemon and image control reaches credential boundary without handoff
ok 4 - WRC-03 valid client daemon and image control reaches credential boundary without handoff
  ---
  duration_ms: 80.172711
  type: 'test'
  ...
1..4
# tests 4
# suites 0
# pass 4
# fail 0
# cancelled 0
# skipped 0
# todo 0
# duration_ms 373.921263
