TAP version 13
# \#0 building with "rootless" instance using docker driver
# \#1 [internal] load build definition from Dockerfile
# \#1 transferring dockerfile: 218B done
# \#1 DONE 0.0s
# \#2 [internal] load metadata for docker.io/library/yoloharness-local:0.1.0
# \#2 DONE 0.0s
# \#3 [internal] load .dockerignore
# \#3 transferring context: 102B done
# \#3 DONE 0.0s
# \#4 [internal] load build context
# \#4 transferring context: 1.17kB done
# \#4 DONE 0.0s
# \#5 [1/2] FROM docker.io/library/yoloharness-local:0.1.0@sha256:7d40fa5f991fc167366b31f082c1a9ee5c2e3ca779f8d69e1a997fcf78f58f08
# \#5 resolve docker.io/library/yoloharness-local:0.1.0@sha256:7d40fa5f991fc167366b31f082c1a9ee5c2e3ca779f8d69e1a997fcf78f58f08 0.0s done
# \#5 CACHED
# \#6 [2/2] COPY ca.crt /usr/local/share/ca-certificates/yoloharness-test-ca.crt
# \#6 DONE 0.1s
# \#7 exporting to image
# \#7 exporting layers 0.1s done
# \#7 exporting manifest sha256:0037d186cbb0e38d07fe9134335d10ad072721661340cb065d2b95c17c17cc6c 0.0s done
# \#7 exporting config sha256:55a19f3797580bc56964616a8fdf3644678454e9ffce819acc48bc1f31572fd0 0.0s done
# \#7 exporting attestation manifest sha256:c48df917d4afe2ecc5f6b911600f6ca3f52c2dd2c3b9924d7d64381c8d727405
# \#7 exporting attestation manifest sha256:c48df917d4afe2ecc5f6b911600f6ca3f52c2dd2c3b9924d7d64381c8d727405 0.0s done
# \#7 exporting manifest list sha256:5d2a652c9bf1ca8b64b70a7a617f8d47529843de19d9f152e812ec983f901289 0.0s done
# \#7 naming to docker.io/library/yoloharness-test-derivative:796603 done
# \#7 unpacking to docker.io/library/yoloharness-test-derivative:796603 0.0s done
# \#7 DONE 0.3s
# WARNING: current commit information was not captured by the build: failed to read current commit information with git rev-parse --is-inside-work-tree
# Subtest: shipped yolo subprocess uses the immutable CA-only derivative and an internal provider network
    # Subtest: WRC-08 shipped CLI rejects a hardlink alias before model execution
    ok 1 - WRC-08 shipped CLI rejects a hardlink alias before model execution
      ---
      duration_ms: 1170.872138
      type: 'test'
      ...
    1..1
ok 1 - shipped yolo subprocess uses the immutable CA-only derivative and an internal provider network
  ---
  duration_ms: 24302.073962
  type: 'test'
  ...
1..1
# tests 2
# suites 0
# pass 2
# fail 0
# cancelled 0
# skipped 0
# todo 0
# duration_ms 24382.524128
